2016-05-03 21:13:22 H=(195.2.203.5) [222.187.224.202] F=<vdkhbyhx@fzgrc.die.net> rejected RCPT <ier@whatever.ie>: User Unknown
2016-05-03 21:33:11 H=64-130-174-64.pool.dsl.scrtc.com [64.130.174.64] F=<czkdlcrbt@coolandrich.com> rejected RCPT <im@whatever.ie>: User Unknown
2016-05-03 22:36:49 H=(195.2.203.5) [202.80.222.122] F=<oahkfhyt@ceis-strat.com> rejected RCPT <justinblobby@whatever.ie>: User Unknown
2016-05-03 23:29:05 H=(195.2.203.5) [103.204.176.2] F=<kupgxim@artisangranite.net> rejected RCPT <lier@whatever.ie>: User Unknown
2016-05-04 01:30:51 H=(195.2.203.5) [68.170.118.242] F=<cnygbljg@fvydwxz.rzd.com> rejected RCPT <nfo@whatever.ie>: User Unknown
2016-05-04 04:52:32 H=(host.34.ipoe4.subnets.khb.ttkdv.ru) [5.8.204.34] F=<xjkmhbhcfg@luukku.com> rejected RCPT <rver@whatever.ie>: User Unknown
2016-05-04 05:04:43 H=(195.2.203.5) [112.124.35.165] F=<tubaptd@jipal.com> rejected RCPT <server@whatever.ie>: User Unknown
2016-05-04 05:23:20 H=(195.2.203.5) [14.119.47.222] F=<xpyxlqe@mail2french.com> rejected RCPT <nfo@whatever.ie>: User Unknown
2016-05-04 05:23:20 H=(195.2.203.5) [14.119.47.222] F=<xpyxlqe@mail2french.com> rejected RCPT <rver@whatever.ie>: User Unknown
2016-05-04 05:23:21 H=(195.2.203.5) [14.119.47.222] F=<xpyxlqe@mail2french.com> rejected RCPT <server@whatever.ie>: User Unknown
2016-05-04 05:23:22 H=(195.2.203.5) [14.119.47.222] F=<xpyxlqe@mail2french.com> rejected RCPT <tim@whatever.ie>: User Unknown
2016-05-04 05:23:22 H=(195.2.203.5) [14.119.47.222] F=<xpyxlqe@mail2french.com> rejected RCPT <ustinblobby@whatever.ie>: User Unknown
2016-05-04 05:23:23 H=(195.2.203.5) [14.119.47.222] F=<xpyxlqe@mail2french.com> rejected RCPT <whatever@whatever.ie>: User Unknown